syscalls.c:70:6:initialise_monitor_handles	4	static
syscalls.c:74:5:_getpid	4	static
syscalls.c:79:5:_kill	16	static
syscalls.c:85:6:_exit	16	static
syscalls.c:91:27:_read	32	static
syscalls.c:105:27:_write	32	static
syscalls.c:116:9:_sbrk	24	static
syscalls.c:139:5:_close	16	static
syscalls.c:145:5:_fstat	16	static
syscalls.c:151:5:_isatty	16	static
syscalls.c:156:5:_lseek	24	static
syscalls.c:161:5:_open	12	static
syscalls.c:167:5:_wait	16	static
syscalls.c:173:5:_unlink	16	static
syscalls.c:179:5:_times	16	static
syscalls.c:184:5:_stat	16	static
syscalls.c:190:5:_link	16	static
syscalls.c:196:5:_fork	8	static
syscalls.c:202:5:_execve	24	static
